<?xml version="1.0" encoding="ISO-8859-1" ?>
<link_info>
   <banner>MSP430 Linker PC v18.1.1.LTS</banner>
   <copyright>Copyright (c) 2003-2017 Texas Instruments Incorporated</copyright>
   <link_time>0x5af56c9b</link_time>
   <link_errors>0x0</link_errors>
   <output_file>Volumio.out</output_file>
   <entry_point>
      <name>_c_int00_noargs</name>
      <address>0x205c</address>
   </entry_point>
   <input_file_list>
      <input_file id="fl-2">
         <path>.\</path>
         <kind>object</kind>
         <file>Segment_drv.obj</file>
         <name>Segment_drv.obj</name>
      </input_file>
      <input_file id="fl-3">
         <path>.\</path>
         <kind>object</kind>
         <file>application.obj</file>
         <name>application.obj</name>
      </input_file>
      <input_file id="fl-4">
         <path>.\</path>
         <kind>object</kind>
         <file>i2c.obj</file>
         <name>i2c.obj</name>
      </input_file>
      <input_file id="fl-5">
         <path>.\</path>
         <kind>object</kind>
         <file>interrupt.obj</file>
         <name>interrupt.obj</name>
      </input_file>
      <input_file id="fl-6">
         <path>.\</path>
         <kind>object</kind>
         <file>main.obj</file>
         <name>main.obj</name>
      </input_file>
      <input_file id="fl-7">
         <path>.\</path>
         <kind>object</kind>
         <file>system.obj</file>
         <name>system.obj</name>
      </input_file>
      <input_file id="fl-c">
         <kind>object</kind>
         <file>&lt;internal&gt;</file>
         <name>&lt;internal&gt;</name>
      </input_file>
      <input_file id="fl-22">
         <path>C:\ti\ccsv8\tools\compiler\ti-cgt-msp430_18.1.1.LTS\lib\</path>
         <kind>archive</kind>
         <file>rts430_eabi.lib</file>
         <name>div16s.asm.obj</name>
      </input_file>
      <input_file id="fl-23">
         <path>C:\ti\ccsv8\tools\compiler\ti-cgt-msp430_18.1.1.LTS\lib\</path>
         <kind>archive</kind>
         <file>rts430_eabi.lib</file>
         <name>div16u.asm.obj</name>
      </input_file>
      <input_file id="fl-24">
         <path>C:\ti\ccsv8\tools\compiler\ti-cgt-msp430_18.1.1.LTS\lib\</path>
         <kind>archive</kind>
         <file>rts430_eabi.lib</file>
         <name>epilog.asm.obj</name>
      </input_file>
      <input_file id="fl-25">
         <path>C:\ti\ccsv8\tools\compiler\ti-cgt-msp430_18.1.1.LTS\lib\</path>
         <kind>archive</kind>
         <file>rts430_eabi.lib</file>
         <name>int00.asm.obj</name>
      </input_file>
      <input_file id="fl-26">
         <path>C:\ti\ccsv8\tools\compiler\ti-cgt-msp430_18.1.1.LTS\lib\</path>
         <kind>archive</kind>
         <file>rts430_eabi.lib</file>
         <name>int01.asm.obj</name>
      </input_file>
      <input_file id="fl-27">
         <path>C:\ti\ccsv8\tools\compiler\ti-cgt-msp430_18.1.1.LTS\lib\</path>
         <kind>archive</kind>
         <file>rts430_eabi.lib</file>
         <name>int02.asm.obj</name>
      </input_file>
      <input_file id="fl-28">
         <path>C:\ti\ccsv8\tools\compiler\ti-cgt-msp430_18.1.1.LTS\lib\</path>
         <kind>archive</kind>
         <file>rts430_eabi.lib</file>
         <name>int04.asm.obj</name>
      </input_file>
      <input_file id="fl-29">
         <path>C:\ti\ccsv8\tools\compiler\ti-cgt-msp430_18.1.1.LTS\lib\</path>
         <kind>archive</kind>
         <file>rts430_eabi.lib</file>
         <name>int06.asm.obj</name>
      </input_file>
      <input_file id="fl-2a">
         <path>C:\ti\ccsv8\tools\compiler\ti-cgt-msp430_18.1.1.LTS\lib\</path>
         <kind>archive</kind>
         <file>rts430_eabi.lib</file>
         <name>int07.asm.obj</name>
      </input_file>
      <input_file id="fl-2b">
         <path>C:\ti\ccsv8\tools\compiler\ti-cgt-msp430_18.1.1.LTS\lib\</path>
         <kind>archive</kind>
         <file>rts430_eabi.lib</file>
         <name>int09.asm.obj</name>
      </input_file>
      <input_file id="fl-2c">
         <path>C:\ti\ccsv8\tools\compiler\ti-cgt-msp430_18.1.1.LTS\lib\</path>
         <kind>archive</kind>
         <file>rts430_eabi.lib</file>
         <name>int10.asm.obj</name>
      </input_file>
      <input_file id="fl-2d">
         <path>C:\ti\ccsv8\tools\compiler\ti-cgt-msp430_18.1.1.LTS\lib\</path>
         <kind>archive</kind>
         <file>rts430_eabi.lib</file>
         <name>int11.asm.obj</name>
      </input_file>
      <input_file id="fl-2e">
         <path>C:\ti\ccsv8\tools\compiler\ti-cgt-msp430_18.1.1.LTS\lib\</path>
         <kind>archive</kind>
         <file>rts430_eabi.lib</file>
         <name>int12.asm.obj</name>
      </input_file>
      <input_file id="fl-2f">
         <path>C:\ti\ccsv8\tools\compiler\ti-cgt-msp430_18.1.1.LTS\lib\</path>
         <kind>archive</kind>
         <file>rts430_eabi.lib</file>
         <name>int13.asm.obj</name>
      </input_file>
      <input_file id="fl-30">
         <path>C:\ti\ccsv8\tools\compiler\ti-cgt-msp430_18.1.1.LTS\lib\</path>
         <kind>archive</kind>
         <file>rts430_eabi.lib</file>
         <name>int14.asm.obj</name>
      </input_file>
      <input_file id="fl-31">
         <path>C:\ti\ccsv8\tools\compiler\ti-cgt-msp430_18.1.1.LTS\lib\</path>
         <kind>archive</kind>
         <file>rts430_eabi.lib</file>
         <name>isr_trap.asm.obj</name>
      </input_file>
      <input_file id="fl-32">
         <path>C:\ti\ccsv8\tools\compiler\ti-cgt-msp430_18.1.1.LTS\lib\</path>
         <kind>archive</kind>
         <file>rts430_eabi.lib</file>
         <name>mult16.asm.obj</name>
      </input_file>
      <input_file id="fl-33">
         <path>C:\ti\ccsv8\tools\compiler\ti-cgt-msp430_18.1.1.LTS\lib\</path>
         <kind>archive</kind>
         <file>rts430_eabi.lib</file>
         <name>mult16_hw.asm.obj</name>
      </input_file>
      <input_file id="fl-34">
         <path>C:\ti\ccsv8\tools\compiler\ti-cgt-msp430_18.1.1.LTS\lib\</path>
         <kind>archive</kind>
         <file>rts430_eabi.lib</file>
         <name>mult1632_hw.asm.obj</name>
      </input_file>
      <input_file id="fl-35">
         <path>C:\ti\ccsv8\tools\compiler\ti-cgt-msp430_18.1.1.LTS\lib\</path>
         <kind>archive</kind>
         <file>rts430_eabi.lib</file>
         <name>mult32_hw.asm.obj</name>
      </input_file>
      <input_file id="fl-36">
         <path>C:\ti\ccsv8\tools\compiler\ti-cgt-msp430_18.1.1.LTS\lib\</path>
         <kind>archive</kind>
         <file>rts430_eabi.lib</file>
         <name>mult3264_hw.asm.obj</name>
      </input_file>
      <input_file id="fl-37">
         <path>C:\ti\ccsv8\tools\compiler\ti-cgt-msp430_18.1.1.LTS\lib\</path>
         <kind>archive</kind>
         <file>rts430_eabi.lib</file>
         <name>mult64_hw.asm.obj</name>
      </input_file>
      <input_file id="fl-38">
         <path>C:\ti\ccsv8\tools\compiler\ti-cgt-msp430_18.1.1.LTS\lib\</path>
         <kind>archive</kind>
         <file>rts430_eabi.lib</file>
         <name>boot.c.obj</name>
      </input_file>
      <input_file id="fl-39">
         <path>C:\ti\ccsv8\tools\compiler\ti-cgt-msp430_18.1.1.LTS\lib\</path>
         <kind>archive</kind>
         <file>rts430_eabi.lib</file>
         <name>autoinit.c.obj</name>
      </input_file>
      <input_file id="fl-3a">
         <path>C:\ti\ccsv8\tools\compiler\ti-cgt-msp430_18.1.1.LTS\lib\</path>
         <kind>archive</kind>
         <file>rts430_eabi.lib</file>
         <name>copy_zero_init.c.obj</name>
      </input_file>
      <input_file id="fl-3b">
         <path>C:\ti\ccsv8\tools\compiler\ti-cgt-msp430_18.1.1.LTS\lib\</path>
         <kind>archive</kind>
         <file>rts430_eabi.lib</file>
         <name>cpy_tbl.c.obj</name>
      </input_file>
      <input_file id="fl-3c">
         <path>C:\ti\ccsv8\tools\compiler\ti-cgt-msp430_18.1.1.LTS\lib\</path>
         <kind>archive</kind>
         <file>rts430_eabi.lib</file>
         <name>mpu_init.c.obj</name>
      </input_file>
      <input_file id="fl-3d">
         <path>C:\ti\ccsv8\tools\compiler\ti-cgt-msp430_18.1.1.LTS\lib\</path>
         <kind>archive</kind>
         <file>rts430_eabi.lib</file>
         <name>pre_init.c.obj</name>
      </input_file>
      <input_file id="fl-3e">
         <path>C:\ti\ccsv8\tools\compiler\ti-cgt-msp430_18.1.1.LTS\lib\</path>
         <kind>archive</kind>
         <file>rts430_eabi.lib</file>
         <name>startup.c.obj</name>
      </input_file>
      <input_file id="fl-3f">
         <path>C:\ti\ccsv8\tools\compiler\ti-cgt-msp430_18.1.1.LTS\lib\</path>
         <kind>archive</kind>
         <file>rts430_eabi.lib</file>
         <name>copy_decompress_none.c.obj</name>
      </input_file>
      <input_file id="fl-40">
         <path>C:\ti\ccsv8\tools\compiler\ti-cgt-msp430_18.1.1.LTS\lib\</path>
         <kind>archive</kind>
         <file>rts430_eabi.lib</file>
         <name>copy_decompress_lzss.c.obj</name>
      </input_file>
      <input_file id="fl-41">
         <path>C:\ti\ccsv8\tools\compiler\ti-cgt-msp430_18.1.1.LTS\lib\</path>
         <kind>archive</kind>
         <file>rts430_eabi.lib</file>
         <name>exit.c.obj</name>
      </input_file>
      <input_file id="fl-42">
         <path>C:\ti\ccsv8\tools\compiler\ti-cgt-msp430_18.1.1.LTS\lib\</path>
         <kind>archive</kind>
         <file>rts430_eabi.lib</file>
         <name>_lock.c.obj</name>
      </input_file>
      <input_file id="fl-43">
         <path>C:\ti\ccsv8\tools\compiler\ti-cgt-msp430_18.1.1.LTS\lib\</path>
         <kind>archive</kind>
         <file>rts430_eabi.lib</file>
         <name>args_main.c.obj</name>
      </input_file>
      <input_file id="fl-44">
         <path>C:\ti\ccsv8\tools\compiler\ti-cgt-msp430_18.1.1.LTS\lib\</path>
         <kind>archive</kind>
         <file>rts430_eabi.lib</file>
         <name>memcpy.c.obj</name>
      </input_file>
      <input_file id="fl-45">
         <path>C:\ti\ccsv8\tools\compiler\ti-cgt-msp430_18.1.1.LTS\lib\</path>
         <kind>archive</kind>
         <file>rts430_eabi.lib</file>
         <name>lsl16.asm.obj</name>
      </input_file>
      <input_file id="fl-46">
         <path>C:\ti\ccsv8\tools\compiler\ti-cgt-msp430_18.1.1.LTS\lib\</path>
         <kind>archive</kind>
         <file>rts430_eabi.lib</file>
         <name>lsr16.asm.obj</name>
      </input_file>
      <input_file id="fl-47">
         <path>C:\ti\ccsv8\tools\compiler\ti-cgt-msp430_18.1.1.LTS\lib\</path>
         <kind>archive</kind>
         <file>rts430_eabi.lib</file>
         <name>exit_gvars.c.obj</name>
      </input_file>
   </input_file_list>
   <object_component_list>
      <object_component id="oc-28b">
         <name>.bss</name>
         <uninitialized>true</uninitialized>
         <run_address>0x22a</run_address>
         <size>0x2</size>
         <input_file_ref idref="fl-3"/>
      </object_component>
      <object_component id="oc-284">
         <name>.common:I2C_WriteBuf</name>
         <uninitialized>true</uninitialized>
         <run_address>0x222</run_address>
         <size>0x4</size>
      </object_component>
      <object_component id="oc-190">
         <name>.common:valide_command</name>
         <uninitialized>true</uninitialized>
         <run_address>0x22e</run_address>
         <size>0x1</size>
      </object_component>
      <object_component id="oc-20b">
         <name>.common:timestamp</name>
         <uninitialized>true</uninitialized>
         <run_address>0x200</run_address>
         <size>0x12</size>
      </object_component>
      <object_component id="oc-193">
         <name>.common:Uart1_Rx_Buffer</name>
         <uninitialized>true</uninitialized>
         <run_address>0x212</run_address>
         <size>0x10</size>
      </object_component>
      <object_component id="oc-207">
         <name>.common:old_hour</name>
         <uninitialized>true</uninitialized>
         <run_address>0x22d</run_address>
         <size>0x1</size>
      </object_component>
      <object_component id="oc-20a">
         <name>.common:last_minute</name>
         <uninitialized>true</uninitialized>
         <run_address>0x22c</run_address>
         <size>0x1</size>
      </object_component>
      <object_component id="oc-1f3">
         <name>.common:I2C_WriteBuffer</name>
         <uninitialized>true</uninitialized>
         <run_address>0x226</run_address>
         <size>0x4</size>
      </object_component>
      <object_component id="oc-27b">
         <name>.data</name>
         <load_address>0x230</load_address>
         <run_address>0x230</run_address>
         <size>0xa</size>
         <input_file_ref idref="fl-3"/>
      </object_component>
      <object_component id="oc-278">
         <name>.data:last_PCF8575_Val</name>
         <load_address>0x23a</load_address>
         <run_address>0x23a</run_address>
         <size>0x8</size>
         <input_file_ref idref="fl-3"/>
      </object_component>
      <object_component id="oc-18d">
         <name>.data</name>
         <load_address>0x248</load_address>
         <run_address>0x248</run_address>
         <size>0x4</size>
         <input_file_ref idref="fl-5"/>
      </object_component>
      <object_component id="oc-197">
         <name>.data</name>
         <load_address>0x242</load_address>
         <run_address>0x242</run_address>
         <size>0x6</size>
         <input_file_ref idref="fl-6"/>
      </object_component>
      <object_component id="oc-19b">
         <name>.data</name>
         <load_address>0x24c</load_address>
         <run_address>0x24c</run_address>
         <size>0x2</size>
         <input_file_ref idref="fl-7"/>
      </object_component>
      <object_component id="oc-f5">
         <name>.stack</name>
         <uninitialized>true</uninitialized>
         <run_address>0x9b0</run_address>
         <size>0x2</size>
         <input_file_ref idref="fl-38"/>
      </object_component>
      <object_component id="oc-362">
         <name>.stack</name>
         <uninitialized>true</uninitialized>
         <run_address>0x9b0</run_address>
         <size>0x0</size>
      </object_component>
      <object_component id="oc-224">
         <name>.text:update_LED_Circle</name>
         <load_address>0x1100</load_address>
         <run_address>0x1100</run_address>
         <size>0x5a2</size>
         <input_file_ref idref="fl-3"/>
      </object_component>
      <object_component id="oc-201">
         <name>.text:setup_Time</name>
         <load_address>0x16a2</load_address>
         <run_address>0x16a2</run_address>
         <size>0x234</size>
         <input_file_ref idref="fl-3"/>
      </object_component>
      <object_component id="oc-21e">
         <name>.text:show_time_on_7SegmentDisplay</name>
         <load_address>0x18d6</load_address>
         <run_address>0x18d6</run_address>
         <size>0x160</size>
         <input_file_ref idref="fl-3"/>
      </object_component>
      <object_component id="oc-1b2">
         <name>.text:main</name>
         <load_address>0x1a36</load_address>
         <run_address>0x1a36</run_address>
         <size>0x13a</size>
         <input_file_ref idref="fl-6"/>
      </object_component>
      <object_component id="oc-22a">
         <name>.text:show_volume_on_7SegmentDisplay</name>
         <load_address>0x1b70</load_address>
         <run_address>0x1b70</run_address>
         <size>0x112</size>
         <input_file_ref idref="fl-3"/>
      </object_component>
      <object_component id="oc-218">
         <name>.text:update_time</name>
         <load_address>0x1c82</load_address>
         <run_address>0x1c82</run_address>
         <size>0xa4</size>
         <input_file_ref idref="fl-3"/>
      </object_component>
      <object_component id="oc-1fb">
         <name>.text:init_7SegmentDisplay</name>
         <load_address>0x1d26</load_address>
         <run_address>0x1d26</run_address>
         <size>0x98</size>
         <input_file_ref idref="fl-2"/>
      </object_component>
      <object_component id="oc-33">
         <name>.text:decompress:lzss:__TI_decompress_lzss</name>
         <load_address>0x1dbe</load_address>
         <run_address>0x1dbe</run_address>
         <size>0x7c</size>
         <input_file_ref idref="fl-40"/>
      </object_component>
      <object_component id="oc-fe">
         <name>.text</name>
         <load_address>0x1e3a</load_address>
         <run_address>0x1e3a</run_address>
         <size>0x4c</size>
         <input_file_ref idref="fl-46"/>
      </object_component>
      <object_component id="oc-125">
         <name>.text:Usart1_Rx</name>
         <load_address>0x1e86</load_address>
         <run_address>0x1e86</run_address>
         <size>0x46</size>
         <input_file_ref idref="fl-5"/>
      </object_component>
      <object_component id="oc-212">
         <name>.text:check_Volume</name>
         <load_address>0x1ecc</load_address>
         <run_address>0x1ecc</run_address>
         <size>0x44</size>
         <input_file_ref idref="fl-3"/>
      </object_component>
      <object_component id="oc-23d">
         <name>.text:__TI_auto_init_nobinit_nopinit:__TI_auto_init_nobinit_nopinit</name>
         <load_address>0x1f10</load_address>
         <run_address>0x1f10</run_address>
         <size>0x42</size>
         <input_file_ref idref="fl-39"/>
      </object_component>
      <object_component id="oc-131">
         <name>.text:I2C_ISR</name>
         <load_address>0x1f52</load_address>
         <run_address>0x1f52</run_address>
         <size>0x40</size>
         <input_file_ref idref="fl-5"/>
      </object_component>
      <object_component id="oc-285">
         <name>.text:write_i2c</name>
         <load_address>0x1f92</load_address>
         <run_address>0x1f92</run_address>
         <size>0x3e</size>
         <input_file_ref idref="fl-7"/>
      </object_component>
      <object_component id="oc-29f">
         <name>.text:write_i2c2</name>
         <load_address>0x1fd0</load_address>
         <run_address>0x1fd0</run_address>
         <size>0x34</size>
         <input_file_ref idref="fl-7"/>
      </object_component>
      <object_component id="oc-299">
         <name>.text</name>
         <load_address>0x2004</load_address>
         <run_address>0x2004</run_address>
         <size>0x2c</size>
         <input_file_ref idref="fl-22"/>
      </object_component>
      <object_component id="oc-f9">
         <name>.text</name>
         <load_address>0x2030</load_address>
         <run_address>0x2030</run_address>
         <size>0x2c</size>
         <input_file_ref idref="fl-45"/>
      </object_component>
      <object_component id="oc-149">
         <name>.text:_c_int00_noargs</name>
         <load_address>0x205c</load_address>
         <run_address>0x205c</run_address>
         <size>0x1c</size>
         <input_file_ref idref="fl-38"/>
      </object_component>
      <object_component id="oc-2e6">
         <name>.text</name>
         <load_address>0x2078</load_address>
         <run_address>0x2078</run_address>
         <size>0x16</size>
         <input_file_ref idref="fl-23"/>
      </object_component>
      <object_component id="oc-137">
         <name>.text:decompress:ZI:__TI_zero_init_nomemset:__TI_zero_init_nomemset</name>
         <load_address>0x208e</load_address>
         <run_address>0x208e</run_address>
         <size>0x14</size>
         <input_file_ref idref="fl-3a"/>
      </object_component>
      <object_component id="oc-292">
         <name>.text</name>
         <load_address>0x20a2</load_address>
         <run_address>0x20a2</run_address>
         <size>0x14</size>
         <input_file_ref idref="fl-33"/>
      </object_component>
      <object_component id="oc-39">
         <name>.text:decompress:none:__TI_decompress_none</name>
         <load_address>0x20b6</load_address>
         <run_address>0x20b6</run_address>
         <size>0x12</size>
         <input_file_ref idref="fl-3f"/>
      </object_component>
      <object_component id="oc-113">
         <name>.text:memcpy</name>
         <load_address>0x20c8</load_address>
         <run_address>0x20c8</run_address>
         <size>0x12</size>
         <input_file_ref idref="fl-44"/>
      </object_component>
      <object_component id="oc-103">
         <name>.text</name>
         <load_address>0x20da</load_address>
         <run_address>0x20da</run_address>
         <size>0x10</size>
         <input_file_ref idref="fl-24"/>
      </object_component>
      <object_component id="oc-12b">
         <name>.text:Timer_A</name>
         <load_address>0x20ea</load_address>
         <run_address>0x20ea</run_address>
         <size>0xe</size>
         <input_file_ref idref="fl-5"/>
      </object_component>
      <object_component id="oc-120">
         <name>.text:_isr:__TI_ISR_TRAP</name>
         <load_address>0x20f8</load_address>
         <run_address>0x20f8</run_address>
         <size>0x8</size>
         <input_file_ref idref="fl-31"/>
      </object_component>
      <object_component id="oc-231">
         <name>.text:abort</name>
         <load_address>0x2100</load_address>
         <run_address>0x2100</run_address>
         <size>0x6</size>
         <input_file_ref idref="fl-41"/>
      </object_component>
      <object_component id="oc-20c">
         <name>.text:change_circle_mode</name>
         <load_address>0x2106</load_address>
         <run_address>0x2106</run_address>
         <size>0x6</size>
         <input_file_ref idref="fl-3"/>
      </object_component>
      <object_component id="oc-1ac">
         <name>.text:_system_pre_init</name>
         <load_address>0x210c</load_address>
         <run_address>0x210c</run_address>
         <size>0x4</size>
         <input_file_ref idref="fl-3d"/>
      </object_component>
      <object_component id="oc-2b9">
         <name>.text:_system_post_cinit</name>
         <load_address>0x2110</load_address>
         <run_address>0x2110</run_address>
         <size>0x2</size>
         <input_file_ref idref="fl-3e"/>
      </object_component>
      <object_component id="oc-361">
         <name>.cinit..data.load</name>
         <load_address>0x21c8</load_address>
         <run_address>0x21c8</run_address>
         <size>0x13</size>
      </object_component>
      <object_component id="oc-35e">
         <name>__TI_handler_table</name>
         <load_address>0x21dc</load_address>
         <run_address>0x21dc</run_address>
         <size>0x6</size>
      </object_component>
      <object_component id="oc-360">
         <name>.cinit..bss.load</name>
         <load_address>0x21e2</load_address>
         <run_address>0x21e2</run_address>
         <size>0x4</size>
      </object_component>
      <object_component id="oc-35f">
         <name>__TI_cinit_table</name>
         <load_address>0x21e6</load_address>
         <run_address>0x21e6</run_address>
         <size>0x8</size>
      </object_component>
      <object_component id="oc-281">
         <name>.const:clock_val</name>
         <load_address>0x2112</load_address>
         <run_address>0x2112</run_address>
         <size>0x78</size>
         <input_file_ref idref="fl-3"/>
      </object_component>
      <object_component id="oc-27e">
         <name>.const:.string:adr_val</name>
         <load_address>0x218a</load_address>
         <run_address>0x218a</run_address>
         <size>0x3d</size>
         <input_file_ref idref="fl-3"/>
      </object_component>
      <object_component id="oc-323">
         <name>.binit</name>
         <load_address>0x1100</load_address>
         <run_address>0x1100</run_address>
         <size>0x0</size>
      </object_component>
      <object_component id="oc-3f">
         <name>.int00</name>
         <load_address>0xffe0</load_address>
         <run_address>0xffe0</run_address>
         <size>0x2</size>
         <input_file_ref idref="fl-25"/>
      </object_component>
      <object_component id="oc-40">
         <name>.int01</name>
         <load_address>0xffe2</load_address>
         <run_address>0xffe2</run_address>
         <size>0x2</size>
         <input_file_ref idref="fl-26"/>
      </object_component>
      <object_component id="oc-41">
         <name>.int02</name>
         <load_address>0xffe4</load_address>
         <run_address>0xffe4</run_address>
         <size>0x2</size>
         <input_file_ref idref="fl-27"/>
      </object_component>
      <object_component id="oc-42">
         <name>.int03</name>
         <load_address>0xffe6</load_address>
         <run_address>0xffe6</run_address>
         <size>0x2</size>
         <input_file_ref idref="fl-5"/>
      </object_component>
      <object_component id="oc-43">
         <name>.int04</name>
         <load_address>0xffe8</load_address>
         <run_address>0xffe8</run_address>
         <size>0x2</size>
         <input_file_ref idref="fl-28"/>
      </object_component>
      <object_component id="oc-44">
         <name>.int05</name>
         <load_address>0xffea</load_address>
         <run_address>0xffea</run_address>
         <size>0x2</size>
         <input_file_ref idref="fl-5"/>
      </object_component>
      <object_component id="oc-45">
         <name>.int06</name>
         <load_address>0xffec</load_address>
         <run_address>0xffec</run_address>
         <size>0x2</size>
         <input_file_ref idref="fl-29"/>
      </object_component>
      <object_component id="oc-46">
         <name>.int07</name>
         <load_address>0xffee</load_address>
         <run_address>0xffee</run_address>
         <size>0x2</size>
         <input_file_ref idref="fl-2a"/>
      </object_component>
      <object_component id="oc-47">
         <name>.int08</name>
         <load_address>0xfff0</load_address>
         <run_address>0xfff0</run_address>
         <size>0x2</size>
         <input_file_ref idref="fl-5"/>
      </object_component>
      <object_component id="oc-48">
         <name>.int09</name>
         <load_address>0xfff2</load_address>
         <run_address>0xfff2</run_address>
         <size>0x2</size>
         <input_file_ref idref="fl-2b"/>
      </object_component>
      <object_component id="oc-49">
         <name>.int10</name>
         <load_address>0xfff4</load_address>
         <run_address>0xfff4</run_address>
         <size>0x2</size>
         <input_file_ref idref="fl-2c"/>
      </object_component>
      <object_component id="oc-4a">
         <name>.int11</name>
         <load_address>0xfff6</load_address>
         <run_address>0xfff6</run_address>
         <size>0x2</size>
         <input_file_ref idref="fl-2d"/>
      </object_component>
      <object_component id="oc-4b">
         <name>.int12</name>
         <load_address>0xfff8</load_address>
         <run_address>0xfff8</run_address>
         <size>0x2</size>
         <input_file_ref idref="fl-2e"/>
      </object_component>
      <object_component id="oc-4c">
         <name>.int13</name>
         <load_address>0xfffa</load_address>
         <run_address>0xfffa</run_address>
         <size>0x2</size>
         <input_file_ref idref="fl-2f"/>
      </object_component>
      <object_component id="oc-4d">
         <name>.int14</name>
         <load_address>0xfffc</load_address>
         <run_address>0xfffc</run_address>
         <size>0x2</size>
         <input_file_ref idref="fl-30"/>
      </object_component>
      <object_component id="oc-f8">
         <name>.reset</name>
         <load_address>0xfffe</load_address>
         <run_address>0xfffe</run_address>
         <size>0x2</size>
         <input_file_ref idref="fl-38"/>
      </object_component>
      <object_component id="oc-1fc">
         <name>.debug_info</name>
         <load_address>0x0</load_address>
         <run_address>0x0</run_address>
         <size>0x11a</size>
         <input_file_ref idref="fl-2"/>
      </object_component>
      <object_component id="oc-10e">
         <name>.debug_info</name>
         <load_address>0x11a</load_address>
         <run_address>0x11a</run_address>
         <size>0x84</size>
         <input_file_ref idref="fl-2"/>
      </object_component>
      <object_component id="oc-191">
         <name>.debug_info</name>
         <load_address>0x19e</load_address>
         <run_address>0x19e</run_address>
         <size>0x31e</size>
         <input_file_ref idref="fl-3"/>
      </object_component>
      <object_component id="oc-282">
         <name>.debug_info</name>
         <load_address>0x4bc</load_address>
         <run_address>0x4bc</run_address>
         <size>0xcc</size>
         <input_file_ref idref="fl-3"/>
      </object_component>
      <object_component id="oc-27f">
         <name>.debug_info</name>
         <load_address>0x588</load_address>
         <run_address>0x588</run_address>
         <size>0xc8</size>
         <input_file_ref idref="fl-3"/>
      </object_component>
      <object_component id="oc-27c">
         <name>.debug_info</name>
         <load_address>0x650</load_address>
         <run_address>0x650</run_address>
         <size>0x1c7</size>
         <input_file_ref idref="fl-3"/>
      </object_component>
      <object_component id="oc-28c">
         <name>.debug_info</name>
         <load_address>0x817</load_address>
         <run_address>0x817</run_address>
         <size>0xef</size>
         <input_file_ref idref="fl-3"/>
      </object_component>
      <object_component id="oc-279">
         <name>.debug_info</name>
         <load_address>0x906</load_address>
         <run_address>0x906</run_address>
         <size>0xd9</size>
         <input_file_ref idref="fl-3"/>
      </object_component>
      <object_component id="oc-219">
         <name>.debug_info</name>
         <load_address>0x9df</load_address>
         <run_address>0x9df</run_address>
         <size>0x1b4</size>
         <input_file_ref idref="fl-3"/>
      </object_component>
      <object_component id="oc-225">
         <name>.debug_info</name>
         <load_address>0xb93</load_address>
         <run_address>0xb93</run_address>
         <size>0x334</size>
         <input_file_ref idref="fl-3"/>
      </object_component>
      <object_component id="oc-20d">
         <name>.debug_info</name>
         <load_address>0xec7</load_address>
         <run_address>0xec7</run_address>
         <size>0x154</size>
         <input_file_ref idref="fl-3"/>
      </object_component>
      <object_component id="oc-22b">
         <name>.debug_info</name>
         <load_address>0x101b</load_address>
         <run_address>0x101b</run_address>
         <size>0x1b9</size>
         <input_file_ref idref="fl-3"/>
      </object_component>
      <object_component id="oc-21f">
         <name>.debug_info</name>
         <load_address>0x11d4</load_address>
         <run_address>0x11d4</run_address>
         <size>0x1c0</size>
         <input_file_ref idref="fl-3"/>
      </object_component>
      <object_component id="oc-202">
         <name>.debug_info</name>
         <load_address>0x1394</load_address>
         <run_address>0x1394</run_address>
         <size>0x2f3</size>
         <input_file_ref idref="fl-3"/>
      </object_component>
      <object_component id="oc-213">
         <name>.debug_info</name>
         <load_address>0x1687</load_address>
         <run_address>0x1687</run_address>
         <size>0x179</size>
         <input_file_ref idref="fl-3"/>
      </object_component>
      <object_component id="oc-1e0">
         <name>.debug_info</name>
         <load_address>0x1800</load_address>
         <run_address>0x1800</run_address>
         <size>0x26b</size>
         <input_file_ref idref="fl-3"/>
      </object_component>
      <object_component id="oc-1ea">
         <name>.debug_info</name>
         <load_address>0x1a6b</load_address>
         <run_address>0x1a6b</run_address>
         <size>0x196</size>
         <input_file_ref idref="fl-3"/>
      </object_component>
      <object_component id="oc-19f">
         <name>.debug_info</name>
         <load_address>0x1c01</load_address>
         <run_address>0x1c01</run_address>
         <size>0x8b</size>
         <input_file_ref idref="fl-3"/>
      </object_component>
      <object_component id="oc-270">
         <name>.debug_info</name>
         <load_address>0x1c8c</load_address>
         <run_address>0x1c8c</run_address>
         <size>0x275</size>
         <input_file_ref idref="fl-3"/>
      </object_component>
      <object_component id="oc-1d9">
         <name>.debug_info</name>
         <load_address>0x1f01</load_address>
         <run_address>0x1f01</run_address>
         <size>0xbb</size>
         <input_file_ref idref="fl-3"/>
      </object_component>
      <object_component id="oc-1e5">
         <name>.debug_info</name>
         <load_address>0x1fbc</load_address>
         <run_address>0x1fbc</run_address>
         <size>0x35</size>
         <input_file_ref idref="fl-3"/>
      </object_component>
      <object_component id="oc-194">
         <name>.debug_info</name>
         <load_address>0x1ff1</load_address>
         <run_address>0x1ff1</run_address>
         <size>0x2ca</size>
         <input_file_ref idref="fl-5"/>
      </object_component>
      <object_component id="oc-18e">
         <name>.debug_info</name>
         <load_address>0x22bb</load_address>
         <run_address>0x22bb</run_address>
         <size>0x101</size>
         <input_file_ref idref="fl-5"/>
      </object_component>
      <object_component id="oc-126">
         <name>.debug_info</name>
         <load_address>0x23bc</load_address>
         <run_address>0x23bc</run_address>
         <size>0xff</size>
         <input_file_ref idref="fl-5"/>
      </object_component>
      <object_component id="oc-12c">
         <name>.debug_info</name>
         <load_address>0x24bb</load_address>
         <run_address>0x24bb</run_address>
         <size>0xfb</size>
         <input_file_ref idref="fl-5"/>
      </object_component>
      <object_component id="oc-132">
         <name>.debug_info</name>
         <load_address>0x25b6</load_address>
         <run_address>0x25b6</run_address>
         <size>0x114</size>
         <input_file_ref idref="fl-5"/>
      </object_component>
      <object_component id="oc-208">
         <name>.debug_info</name>
         <load_address>0x26ca</load_address>
         <run_address>0x26ca</run_address>
         <size>0x4fe</size>
         <input_file_ref idref="fl-6"/>
      </object_component>
      <object_component id="oc-198">
         <name>.debug_info</name>
         <load_address>0x2bc8</load_address>
         <run_address>0x2bc8</run_address>
         <size>0x115</size>
         <input_file_ref idref="fl-6"/>
      </object_component>
      <object_component id="oc-1b3">
         <name>.debug_info</name>
         <load_address>0x2cdd</load_address>
         <run_address>0x2cdd</run_address>
         <size>0x20d</size>
         <input_file_ref idref="fl-6"/>
      </object_component>
      <object_component id="oc-1f4">
         <name>.debug_info</name>
         <load_address>0x2eea</load_address>
         <run_address>0x2eea</run_address>
         <size>0x225</size>
         <input_file_ref idref="fl-7"/>
      </object_component>
      <object_component id="oc-19c">
         <name>.debug_info</name>
         <load_address>0x310f</load_address>
         <run_address>0x310f</run_address>
         <size>0xd3</size>
         <input_file_ref idref="fl-7"/>
      </object_component>
      <object_component id="oc-2a0">
         <name>.debug_info</name>
         <load_address>0x31e2</load_address>
         <run_address>0x31e2</run_address>
         <size>0x159</size>
         <input_file_ref idref="fl-7"/>
      </object_component>
      <object_component id="oc-286">
         <name>.debug_info</name>
         <load_address>0x333b</load_address>
         <run_address>0x333b</run_address>
         <size>0x157</size>
         <input_file_ref idref="fl-7"/>
      </object_component>
      <object_component id="oc-29c">
         <name>.debug_info</name>
         <load_address>0x3492</load_address>
         <run_address>0x3492</run_address>
         <size>0x12d</size>
         <input_file_ref idref="fl-22"/>
      </object_component>
      <object_component id="oc-2e7">
         <name>.debug_info</name>
         <load_address>0x35bf</load_address>
         <run_address>0x35bf</run_address>
         <size>0x119</size>
         <input_file_ref idref="fl-23"/>
      </object_component>
      <object_component id="oc-105">
         <name>.debug_info</name>
         <load_address>0x36d8</load_address>
         <run_address>0x36d8</run_address>
         <size>0x126</size>
         <input_file_ref idref="fl-24"/>
      </object_component>
      <object_component id="oc-123">
         <name>.debug_info</name>
         <load_address>0x37fe</load_address>
         <run_address>0x37fe</run_address>
         <size>0x107</size>
         <input_file_ref idref="fl-31"/>
      </object_component>
      <object_component id="oc-293">
         <name>.debug_info</name>
         <load_address>0x3905</load_address>
         <run_address>0x3905</run_address>
         <size>0x117</size>
         <input_file_ref idref="fl-33"/>
      </object_component>
      <object_component id="oc-f6">
         <name>.debug_info</name>
         <load_address>0x3a1c</load_address>
         <run_address>0x3a1c</run_address>
         <size>0xf5</size>
         <input_file_ref idref="fl-38"/>
      </object_component>
      <object_component id="oc-14c">
         <name>.debug_info</name>
         <load_address>0x3b11</load_address>
         <run_address>0x3b11</run_address>
         <size>0x16f</size>
         <input_file_ref idref="fl-38"/>
      </object_component>
      <object_component id="oc-2c0">
         <name>.debug_info</name>
         <load_address>0x3c80</load_address>
         <run_address>0x3c80</run_address>
         <size>0x472</size>
         <input_file_ref idref="fl-39"/>
      </object_component>
      <object_component id="oc-23e">
         <name>.debug_info</name>
         <load_address>0x40f2</load_address>
         <run_address>0x40f2</run_address>
         <size>0x1d5</size>
         <input_file_ref idref="fl-39"/>
      </object_component>
      <object_component id="oc-304">
         <name>.debug_info</name>
         <load_address>0x42c7</load_address>
         <run_address>0x42c7</run_address>
         <size>0x39</size>
         <input_file_ref idref="fl-39"/>
      </object_component>
      <object_component id="oc-310">
         <name>.debug_info</name>
         <load_address>0x4300</load_address>
         <run_address>0x4300</run_address>
         <size>0x2c</size>
         <input_file_ref idref="fl-39"/>
      </object_component>
      <object_component id="oc-2cb">
         <name>.debug_info</name>
         <load_address>0x432c</load_address>
         <run_address>0x432c</run_address>
         <size>0x2c</size>
         <input_file_ref idref="fl-39"/>
      </object_component>
      <object_component id="oc-309">
         <name>.debug_info</name>
         <load_address>0x4358</load_address>
         <run_address>0x4358</run_address>
         <size>0xcd</size>
         <input_file_ref idref="fl-39"/>
      </object_component>
      <object_component id="oc-1aa">
         <name>.debug_info</name>
         <load_address>0x4425</load_address>
         <run_address>0x4425</run_address>
         <size>0x1b4</size>
         <input_file_ref idref="fl-3a"/>
      </object_component>
      <object_component id="oc-13b">
         <name>.debug_info</name>
         <load_address>0x45d9</load_address>
         <run_address>0x45d9</run_address>
         <size>0x1c7</size>
         <input_file_ref idref="fl-3a"/>
      </object_component>
      <object_component id="oc-1a5">
         <name>.debug_info</name>
         <load_address>0x47a0</load_address>
         <run_address>0x47a0</run_address>
         <size>0x46</size>
         <input_file_ref idref="fl-3a"/>
      </object_component>
      <object_component id="oc-180">
         <name>.debug_info</name>
         <load_address>0x47e6</load_address>
         <run_address>0x47e6</run_address>
         <size>0x2c</size>
         <input_file_ref idref="fl-3a"/>
      </object_component>
      <object_component id="oc-1af">
         <name>.debug_info</name>
         <load_address>0x4812</load_address>
         <run_address>0x4812</run_address>
         <size>0x148</size>
         <input_file_ref idref="fl-3d"/>
      </object_component>
      <object_component id="oc-2bb">
         <name>.debug_info</name>
         <load_address>0x495a</load_address>
         <run_address>0x495a</run_address>
         <size>0x145</size>
         <input_file_ref idref="fl-3e"/>
      </object_component>
      <object_component id="oc-11f">
         <name>.debug_info</name>
         <load_address>0x4a9f</load_address>
         <run_address>0x4a9f</run_address>
         <size>0x175</size>
         <input_file_ref idref="fl-3f"/>
      </object_component>
      <object_component id="oc-3a">
         <name>.debug_info</name>
         <load_address>0x4c14</load_address>
         <run_address>0x4c14</run_address>
         <size>0x1df</size>
         <input_file_ref idref="fl-3f"/>
      </object_component>
      <object_component id="oc-11a">
         <name>.debug_info</name>
         <load_address>0x4df3</load_address>
         <run_address>0x4df3</run_address>
         <size>0x46</size>
         <input_file_ref idref="fl-3f"/>
      </object_component>
      <object_component id="oc-185">
         <name>.debug_info</name>
         <load_address>0x4e39</load_address>
         <run_address>0x4e39</run_address>
         <size>0x2c</size>
         <input_file_ref idref="fl-3f"/>
      </object_component>
      <object_component id="oc-17d">
         <name>.debug_info</name>
         <load_address>0x4e65</load_address>
         <run_address>0x4e65</run_address>
         <size>0x16b</size>
         <input_file_ref idref="fl-40"/>
      </object_component>
      <object_component id="oc-34">
         <name>.debug_info</name>
         <load_address>0x4fd0</load_address>
         <run_address>0x4fd0</run_address>
         <size>0x287</size>
         <input_file_ref idref="fl-40"/>
      </object_component>
      <object_component id="oc-109">
         <name>.debug_info</name>
         <load_address>0x5257</load_address>
         <run_address>0x5257</run_address>
         <size>0x60</size>
         <input_file_ref idref="fl-40"/>
      </object_component>
      <object_component id="oc-1ce">
         <name>.debug_info</name>
         <load_address>0x52b7</load_address>
         <run_address>0x52b7</run_address>
         <size>0x46</size>
         <input_file_ref idref="fl-40"/>
      </object_component>
      <object_component id="oc-178">
         <name>.debug_info</name>
         <load_address>0x52fd</load_address>
         <run_address>0x52fd</run_address>
         <size>0x39</size>
         <input_file_ref idref="fl-40"/>
      </object_component>
      <object_component id="oc-235">
         <name>.debug_info</name>
         <load_address>0x5336</load_address>
         <run_address>0x5336</run_address>
         <size>0x117</size>
         <input_file_ref idref="fl-41"/>
      </object_component>
      <object_component id="oc-17f">
         <name>.debug_info</name>
         <load_address>0x544d</load_address>
         <run_address>0x544d</run_address>
         <size>0x176</size>
         <input_file_ref idref="fl-44"/>
      </object_component>
      <object_component id="oc-115">
         <name>.debug_info</name>
         <load_address>0x55c3</load_address>
         <run_address>0x55c3</run_address>
         <size>0x16f</size>
         <input_file_ref idref="fl-44"/>
      </object_component>
      <object_component id="oc-fa">
         <name>.debug_info</name>
         <load_address>0x5732</load_address>
         <run_address>0x5732</run_address>
         <size>0x118</size>
         <input_file_ref idref="fl-45"/>
      </object_component>
      <object_component id="oc-101">
         <name>.debug_info</name>
         <load_address>0x584a</load_address>
         <run_address>0x584a</run_address>
         <size>0x118</size>
         <input_file_ref idref="fl-46"/>
      </object_component>
      <object_component id="oc-363">
         <name>.debug_info</name>
         <load_address>0x5962</load_address>
         <run_address>0x5962</run_address>
         <size>0x95</size>
      </object_component>
      <object_component id="oc-1ff">
         <name>.debug_line</name>
         <load_address>0x0</load_address>
         <run_address>0x0</run_address>
         <size>0x64</size>
         <input_file_ref idref="fl-2"/>
      </object_component>
      <object_component id="oc-111">
         <name>.debug_line</name>
         <load_address>0x64</load_address>
         <run_address>0x64</run_address>
         <size>0x20</size>
         <input_file_ref idref="fl-2"/>
      </object_component>
      <object_component id="oc-1df">
         <name>.debug_line</name>
         <load_address>0x84</load_address>
         <run_address>0x84</run_address>
         <size>0x77</size>
         <input_file_ref idref="fl-3"/>
      </object_component>
      <object_component id="oc-2e1">
         <name>.debug_line</name>
         <load_address>0xfb</load_address>
         <run_address>0xfb</run_address>
         <size>0x34</size>
         <input_file_ref idref="fl-3"/>
      </object_component>
      <object_component id="oc-2df">
         <name>.debug_line</name>
         <load_address>0x12f</load_address>
         <run_address>0x12f</run_address>
         <size>0x34</size>
         <input_file_ref idref="fl-3"/>
      </object_component>
      <object_component id="oc-2dd">
         <name>.debug_line</name>
         <load_address>0x163</load_address>
         <run_address>0x163</run_address>
         <size>0x34</size>
         <input_file_ref idref="fl-3"/>
      </object_component>
      <object_component id="oc-2e4">
         <name>.debug_line</name>
         <load_address>0x197</load_address>
         <run_address>0x197</run_address>
         <size>0x34</size>
         <input_file_ref idref="fl-3"/>
      </object_component>
      <object_component id="oc-2db">
         <name>.debug_line</name>
         <load_address>0x1cb</load_address>
         <run_address>0x1cb</run_address>
         <size>0x34</size>
         <input_file_ref idref="fl-3"/>
      </object_component>
      <object_component id="oc-21d">
         <name>.debug_line</name>
         <load_address>0x1ff</load_address>
         <run_address>0x1ff</run_address>
         <size>0x69</size>
         <input_file_ref idref="fl-3"/>
      </object_component>
      <object_component id="oc-228">
         <name>.debug_line</name>
         <load_address>0x268</load_address>
         <run_address>0x268</run_address>
         <size>0x1d7</size>
         <input_file_ref idref="fl-3"/>
      </object_component>
      <object_component id="oc-210">
         <name>.debug_line</name>
         <load_address>0x43f</load_address>
         <run_address>0x43f</run_address>
         <size>0x4a</size>
         <input_file_ref idref="fl-3"/>
      </object_component>
      <object_component id="oc-22e">
         <name>.debug_line</name>
         <load_address>0x489</load_address>
         <run_address>0x489</run_address>
         <size>0xab</size>
         <input_file_ref idref="fl-3"/>
      </object_component>
      <object_component id="oc-222">
         <name>.debug_line</name>
         <load_address>0x534</load_address>
         <run_address>0x534</run_address>
         <size>0xbe</size>
         <input_file_ref idref="fl-3"/>
      </object_component>
      <object_component id="oc-205">
         <name>.debug_line</name>
         <load_address>0x5f2</load_address>
         <run_address>0x5f2</run_address>
         <size>0xd6</size>
         <input_file_ref idref="fl-3"/>
      </object_component>
      <object_component id="oc-216">
         <name>.debug_line</name>
         <load_address>0x6c8</load_address>
         <run_address>0x6c8</run_address>
         <size>0x5c</size>
         <input_file_ref idref="fl-3"/>
      </object_component>
      <object_component id="oc-1e3">
         <name>.debug_line</name>
         <load_address>0x724</load_address>
         <run_address>0x724</run_address>
         <size>0x6c</size>
         <input_file_ref idref="fl-3"/>
      </object_component>
      <object_component id="oc-1ed">
         <name>.debug_line</name>
         <load_address>0x790</load_address>
         <run_address>0x790</run_address>
         <size>0x66</size>
         <input_file_ref idref="fl-3"/>
      </object_component>
      <object_component id="oc-1a2">
         <name>.debug_line</name>
         <load_address>0x7f6</load_address>
         <run_address>0x7f6</run_address>
         <size>0x20</size>
         <input_file_ref idref="fl-3"/>
      </object_component>
      <object_component id="oc-273">
         <name>.debug_line</name>
         <load_address>0x816</load_address>
         <run_address>0x816</run_address>
         <size>0x70</size>
         <input_file_ref idref="fl-3"/>
      </object_component>
      <object_component id="oc-1dc">
         <name>.debug_line</name>
         <load_address>0x886</load_address>
         <run_address>0x886</run_address>
         <size>0x6d</size>
         <input_file_ref idref="fl-3"/>
      </object_component>
      <object_component id="oc-1e8">
         <name>.debug_line</name>
         <load_address>0x8f3</load_address>
         <run_address>0x8f3</run_address>
         <size>0x6f</size>
         <input_file_ref idref="fl-3"/>
      </object_component>
      <object_component id="oc-1f0">
         <name>.debug_line</name>
         <load_address>0x962</load_address>
         <run_address>0x962</run_address>
         <size>0x66</size>
         <input_file_ref idref="fl-5"/>
      </object_component>
      <object_component id="oc-1d8">
         <name>.debug_line</name>
         <load_address>0x9c8</load_address>
         <run_address>0x9c8</run_address>
         <size>0x32</size>
         <input_file_ref idref="fl-5"/>
      </object_component>
      <object_component id="oc-129">
         <name>.debug_line</name>
         <load_address>0x9fa</load_address>
         <run_address>0x9fa</run_address>
         <size>0x63</size>
         <input_file_ref idref="fl-5"/>
      </object_component>
      <object_component id="oc-12f">
         <name>.debug_line</name>
         <load_address>0xa5d</load_address>
         <run_address>0xa5d</run_address>
         <size>0x48</size>
         <input_file_ref idref="fl-5"/>
      </object_component>
      <object_component id="oc-135">
         <name>.debug_line</name>
         <load_address>0xaa5</load_address>
         <run_address>0xaa5</run_address>
         <size>0x51</size>
         <input_file_ref idref="fl-5"/>
      </object_component>
      <object_component id="oc-290">
         <name>.debug_line</name>
         <load_address>0xaf6</load_address>
         <run_address>0xaf6</run_address>
         <size>0x89</size>
         <input_file_ref idref="fl-6"/>
      </object_component>
      <object_component id="oc-1f2">
         <name>.debug_line</name>
         <load_address>0xb7f</load_address>
         <run_address>0xb7f</run_address>
         <size>0x2d</size>
         <input_file_ref idref="fl-6"/>
      </object_component>
      <object_component id="oc-1b7">
         <name>.debug_line</name>
         <load_address>0xbac</load_address>
         <run_address>0xbac</run_address>
         <size>0x90</size>
         <input_file_ref idref="fl-6"/>
      </object_component>
      <object_component id="oc-276">
         <name>.debug_line</name>
         <load_address>0xc3c</load_address>
         <run_address>0xc3c</run_address>
         <size>0x63</size>
         <input_file_ref idref="fl-7"/>
      </object_component>
      <object_component id="oc-1f7">
         <name>.debug_line</name>
         <load_address>0xc9f</load_address>
         <run_address>0xc9f</run_address>
         <size>0x2f</size>
         <input_file_ref idref="fl-7"/>
      </object_component>
      <object_component id="oc-2a3">
         <name>.debug_line</name>
         <load_address>0xcce</load_address>
         <run_address>0xcce</run_address>
         <size>0x4b</size>
         <input_file_ref idref="fl-7"/>
      </object_component>
      <object_component id="oc-289">
         <name>.debug_line</name>
         <load_address>0xd19</load_address>
         <run_address>0xd19</run_address>
         <size>0x4f</size>
         <input_file_ref idref="fl-7"/>
      </object_component>
      <object_component id="oc-29b">
         <name>.debug_line</name>
         <load_address>0xd68</load_address>
         <run_address>0xd68</run_address>
         <size>0x4d</size>
         <input_file_ref idref="fl-22"/>
      </object_component>
      <object_component id="oc-2ea">
         <name>.debug_line</name>
         <load_address>0xdb5</load_address>
         <run_address>0xdb5</run_address>
         <size>0x43</size>
         <input_file_ref idref="fl-23"/>
      </object_component>
      <object_component id="oc-104">
         <name>.debug_line</name>
         <load_address>0xdf8</load_address>
         <run_address>0xdf8</run_address>
         <size>0x40</size>
         <input_file_ref idref="fl-24"/>
      </object_component>
      <object_component id="oc-122">
         <name>.debug_line</name>
         <load_address>0xe38</load_address>
         <run_address>0xe38</run_address>
         <size>0x3d</size>
         <input_file_ref idref="fl-31"/>
      </object_component>
      <object_component id="oc-296">
         <name>.debug_line</name>
         <load_address>0xe75</load_address>
         <run_address>0xe75</run_address>
         <size>0x42</size>
         <input_file_ref idref="fl-33"/>
      </object_component>
      <object_component id="oc-174">
         <name>.debug_line</name>
         <load_address>0xeb7</load_address>
         <run_address>0xeb7</run_address>
         <size>0x2a</size>
         <input_file_ref idref="fl-38"/>
      </object_component>
      <object_component id="oc-14b">
         <name>.debug_line</name>
         <load_address>0xee1</load_address>
         <run_address>0xee1</run_address>
         <size>0x46</size>
         <input_file_ref idref="fl-38"/>
      </object_component>
      <object_component id="oc-303">
         <name>.debug_line</name>
         <load_address>0xf27</load_address>
         <run_address>0xf27</run_address>
         <size>0xb7</size>
         <input_file_ref idref="fl-39"/>
      </object_component>
      <object_component id="oc-241">
         <name>.debug_line</name>
         <load_address>0xfde</load_address>
         <run_address>0xfde</run_address>
         <size>0x76</size>
         <input_file_ref idref="fl-39"/>
      </object_component>
      <object_component id="oc-307">
         <name>.debug_line</name>
         <load_address>0x1054</load_address>
         <run_address>0x1054</run_address>
         <size>0x2e</size>
         <input_file_ref idref="fl-39"/>
      </object_component>
      <object_component id="oc-313">
         <name>.debug_line</name>
         <load_address>0x1082</load_address>
         <run_address>0x1082</run_address>
         <size>0x92</size>
         <input_file_ref idref="fl-39"/>
      </object_component>
      <object_component id="oc-2ce">
         <name>.debug_line</name>
         <load_address>0x1114</load_address>
         <run_address>0x1114</run_address>
         <size>0x8f</size>
         <input_file_ref idref="fl-39"/>
      </object_component>
      <object_component id="oc-30c">
         <name>.debug_line</name>
         <load_address>0x11a3</load_address>
         <run_address>0x11a3</run_address>
         <size>0x8b</size>
         <input_file_ref idref="fl-39"/>
      </object_component>
      <object_component id="oc-1f9">
         <name>.debug_line</name>
         <load_address>0x122e</load_address>
         <run_address>0x122e</run_address>
         <size>0x34</size>
         <input_file_ref idref="fl-3a"/>
      </object_component>
      <object_component id="oc-138">
         <name>.debug_line</name>
         <load_address>0x1262</load_address>
         <run_address>0x1262</run_address>
         <size>0x4d</size>
         <input_file_ref idref="fl-3a"/>
      </object_component>
      <object_component id="oc-1a8">
         <name>.debug_line</name>
         <load_address>0x12af</load_address>
         <run_address>0x12af</run_address>
         <size>0x34</size>
         <input_file_ref idref="fl-3a"/>
      </object_component>
      <object_component id="oc-183">
         <name>.debug_line</name>
         <load_address>0x12e3</load_address>
         <run_address>0x12e3</run_address>
         <size>0x8a</size>
         <input_file_ref idref="fl-3a"/>
      </object_component>
      <object_component id="oc-1ae">
         <name>.debug_line</name>
         <load_address>0x136d</load_address>
         <run_address>0x136d</run_address>
         <size>0x3e</size>
         <input_file_ref idref="fl-3d"/>
      </object_component>
      <object_component id="oc-2be">
         <name>.debug_line</name>
         <load_address>0x13ab</load_address>
         <run_address>0x13ab</run_address>
         <size>0x3a</size>
         <input_file_ref idref="fl-3e"/>
      </object_component>
      <object_component id="oc-18b">
         <name>.debug_line</name>
         <load_address>0x13e5</load_address>
         <run_address>0x13e5</run_address>
         <size>0x20</size>
         <input_file_ref idref="fl-3f"/>
      </object_component>
      <object_component id="oc-3d">
         <name>.debug_line</name>
         <load_address>0x1405</load_address>
         <run_address>0x1405</run_address>
         <size>0x50</size>
         <input_file_ref idref="fl-3f"/>
      </object_component>
      <object_component id="oc-11d">
         <name>.debug_line</name>
         <load_address>0x1455</load_address>
         <run_address>0x1455</run_address>
         <size>0x3a</size>
         <input_file_ref idref="fl-3f"/>
      </object_component>
      <object_component id="oc-188">
         <name>.debug_line</name>
         <load_address>0x148f</load_address>
         <run_address>0x148f</run_address>
         <size>0x8a</size>
         <input_file_ref idref="fl-3f"/>
      </object_component>
      <object_component id="oc-1d4">
         <name>.debug_line</name>
         <load_address>0x1519</load_address>
         <run_address>0x1519</run_address>
         <size>0x20</size>
         <input_file_ref idref="fl-40"/>
      </object_component>
      <object_component id="oc-38">
         <name>.debug_line</name>
         <load_address>0x1539</load_address>
         <run_address>0x1539</run_address>
         <size>0x92</size>
         <input_file_ref idref="fl-40"/>
      </object_component>
      <object_component id="oc-10c">
         <name>.debug_line</name>
         <load_address>0x15cb</load_address>
         <run_address>0x15cb</run_address>
         <size>0x3a</size>
         <input_file_ref idref="fl-40"/>
      </object_component>
      <object_component id="oc-1d1">
         <name>.debug_line</name>
         <load_address>0x1605</load_address>
         <run_address>0x1605</run_address>
         <size>0x92</size>
         <input_file_ref idref="fl-40"/>
      </object_component>
      <object_component id="oc-17b">
         <name>.debug_line</name>
         <load_address>0x1697</load_address>
         <run_address>0x1697</run_address>
         <size>0x8e</size>
         <input_file_ref idref="fl-40"/>
      </object_component>
      <object_component id="oc-234">
         <name>.debug_line</name>
         <load_address>0x1725</load_address>
         <run_address>0x1725</run_address>
         <size>0x3d</size>
         <input_file_ref idref="fl-41"/>
      </object_component>
      <object_component id="oc-1d6">
         <name>.debug_line</name>
         <load_address>0x1762</load_address>
         <run_address>0x1762</run_address>
         <size>0x20</size>
         <input_file_ref idref="fl-44"/>
      </object_component>
      <object_component id="oc-118">
         <name>.debug_line</name>
         <load_address>0x1782</load_address>
         <run_address>0x1782</run_address>
         <size>0x42</size>
         <input_file_ref idref="fl-44"/>
      </object_component>
      <object_component id="oc-fd">
         <name>.debug_line</name>
         <load_address>0x17c4</load_address>
         <run_address>0x17c4</run_address>
         <size>0x4e</size>
         <input_file_ref idref="fl-45"/>
      </object_component>
      <object_component id="oc-100">
         <name>.debug_line</name>
         <load_address>0x1812</load_address>
         <run_address>0x1812</run_address>
         <size>0x5e</size>
         <input_file_ref idref="fl-46"/>
      </object_component>
      <object_component id="oc-200">
         <name>.debug_frame</name>
         <load_address>0x0</load_address>
         <run_address>0x0</run_address>
         <size>0x40</size>
         <input_file_ref idref="fl-2"/>
      </object_component>
      <object_component id="oc-21c">
         <name>.debug_frame</name>
         <load_address>0x40</load_address>
         <run_address>0x40</run_address>
         <size>0x40</size>
         <input_file_ref idref="fl-3"/>
      </object_component>
      <object_component id="oc-229">
         <name>.debug_frame</name>
         <load_address>0x80</load_address>
         <run_address>0x80</run_address>
         <size>0x40</size>
         <input_file_ref idref="fl-3"/>
      </object_component>
      <object_component id="oc-211">
         <name>.debug_frame</name>
         <load_address>0xc0</load_address>
         <run_address>0xc0</run_address>
         <size>0x3c</size>
         <input_file_ref idref="fl-3"/>
      </object_component>
      <object_component id="oc-22f">
         <name>.debug_frame</name>
         <load_address>0xfc</load_address>
         <run_address>0xfc</run_address>
         <size>0x40</size>
         <input_file_ref idref="fl-3"/>
      </object_component>
      <object_component id="oc-223">
         <name>.debug_frame</name>
         <load_address>0x13c</load_address>
         <run_address>0x13c</run_address>
         <size>0x40</size>
         <input_file_ref idref="fl-3"/>
      </object_component>
      <object_component id="oc-206">
         <name>.debug_frame</name>
         <load_address>0x17c</load_address>
         <run_address>0x17c</run_address>
         <size>0x48</size>
         <input_file_ref idref="fl-3"/>
      </object_component>
      <object_component id="oc-217">
         <name>.debug_frame</name>
         <load_address>0x1c4</load_address>
         <run_address>0x1c4</run_address>
         <size>0x3c</size>
         <input_file_ref idref="fl-3"/>
      </object_component>
      <object_component id="oc-12a">
         <name>.debug_frame</name>
         <load_address>0x200</load_address>
         <run_address>0x200</run_address>
         <size>0x44</size>
         <input_file_ref idref="fl-5"/>
      </object_component>
      <object_component id="oc-130">
         <name>.debug_frame</name>
         <load_address>0x244</load_address>
         <run_address>0x244</run_address>
         <size>0x3c</size>
         <input_file_ref idref="fl-5"/>
      </object_component>
      <object_component id="oc-136">
         <name>.debug_frame</name>
         <load_address>0x280</load_address>
         <run_address>0x280</run_address>
         <size>0x4c</size>
         <input_file_ref idref="fl-5"/>
      </object_component>
      <object_component id="oc-1b6">
         <name>.debug_frame</name>
         <load_address>0x2cc</load_address>
         <run_address>0x2cc</run_address>
         <size>0x40</size>
         <input_file_ref idref="fl-6"/>
      </object_component>
      <object_component id="oc-2a4">
         <name>.debug_frame</name>
         <load_address>0x30c</load_address>
         <run_address>0x30c</run_address>
         <size>0x3c</size>
         <input_file_ref idref="fl-7"/>
      </object_component>
      <object_component id="oc-28a">
         <name>.debug_frame</name>
         <load_address>0x348</load_address>
         <run_address>0x348</run_address>
         <size>0x3c</size>
         <input_file_ref idref="fl-7"/>
      </object_component>
      <object_component id="oc-14a">
         <name>.debug_frame</name>
         <load_address>0x384</load_address>
         <run_address>0x384</run_address>
         <size>0x34</size>
         <input_file_ref idref="fl-38"/>
      </object_component>
      <object_component id="oc-242">
         <name>.debug_frame</name>
         <load_address>0x3b8</load_address>
         <run_address>0x3b8</run_address>
         <size>0x44</size>
         <input_file_ref idref="fl-39"/>
      </object_component>
      <object_component id="oc-13a">
         <name>.debug_frame</name>
         <load_address>0x3fc</load_address>
         <run_address>0x3fc</run_address>
         <size>0x3c</size>
         <input_file_ref idref="fl-3a"/>
      </object_component>
      <object_component id="oc-1b1">
         <name>.debug_frame</name>
         <load_address>0x438</load_address>
         <run_address>0x438</run_address>
         <size>0x3c</size>
         <input_file_ref idref="fl-3d"/>
      </object_component>
      <object_component id="oc-2ba">
         <name>.debug_frame</name>
         <load_address>0x474</load_address>
         <run_address>0x474</run_address>
         <size>0x3c</size>
         <input_file_ref idref="fl-3e"/>
      </object_component>
      <object_component id="oc-3e">
         <name>.debug_frame</name>
         <load_address>0x4b0</load_address>
         <run_address>0x4b0</run_address>
         <size>0x3c</size>
         <input_file_ref idref="fl-3f"/>
      </object_component>
      <object_component id="oc-37">
         <name>.debug_frame</name>
         <load_address>0x4ec</load_address>
         <run_address>0x4ec</run_address>
         <size>0x48</size>
         <input_file_ref idref="fl-40"/>
      </object_component>
      <object_component id="oc-232">
         <name>.debug_frame</name>
         <load_address>0x534</load_address>
         <run_address>0x534</run_address>
         <size>0x3c</size>
         <input_file_ref idref="fl-41"/>
      </object_component>
      <object_component id="oc-114">
         <name>.debug_frame</name>
         <load_address>0x570</load_address>
         <run_address>0x570</run_address>
         <size>0x3c</size>
         <input_file_ref idref="fl-44"/>
      </object_component>
      <object_component id="oc-277">
         <name>.debug_abbrev</name>
         <load_address>0x0</load_address>
         <run_address>0x0</run_address>
         <size>0x50</size>
         <input_file_ref idref="fl-2"/>
      </object_component>
      <object_component id="oc-110">
         <name>.debug_abbrev</name>
         <load_address>0x50</load_address>
         <run_address>0x50</run_address>
         <size>0x1f</size>
         <input_file_ref idref="fl-2"/>
      </object_component>
      <object_component id="oc-1de">
         <name>.debug_abbrev</name>
         <load_address>0x6f</load_address>
         <run_address>0x6f</run_address>
         <size>0xe8</size>
         <input_file_ref idref="fl-3"/>
      </object_component>
      <object_component id="oc-2e0">
         <name>.debug_abbrev</name>
         <load_address>0x157</load_address>
         <run_address>0x157</run_address>
         <size>0x29</size>
         <input_file_ref idref="fl-3"/>
      </object_component>
      <object_component id="oc-2de">
         <name>.debug_abbrev</name>
         <load_address>0x180</load_address>
         <run_address>0x180</run_address>
         <size>0x29</size>
         <input_file_ref idref="fl-3"/>
      </object_component>
      <object_component id="oc-2dc">
         <name>.debug_abbrev</name>
         <load_address>0x1a9</load_address>
         <run_address>0x1a9</run_address>
         <size>0x3d</size>
         <input_file_ref idref="fl-3"/>
      </object_component>
      <object_component id="oc-2e3">
         <name>.debug_abbrev</name>
         <load_address>0x1e6</load_address>
         <run_address>0x1e6</run_address>
         <size>0x27</size>
         <input_file_ref idref="fl-3"/>
      </object_component>
      <object_component id="oc-2da">
         <name>.debug_abbrev</name>
         <load_address>0x20d</load_address>
         <run_address>0x20d</run_address>
         <size>0x27</size>
         <input_file_ref idref="fl-3"/>
      </object_component>
      <object_component id="oc-298">
         <name>.debug_abbrev</name>
         <load_address>0x234</load_address>
         <run_address>0x234</run_address>
         <size>0x7a</size>
         <input_file_ref idref="fl-3"/>
      </object_component>
      <object_component id="oc-2a5">
         <name>.debug_abbrev</name>
         <load_address>0x2ae</load_address>
         <run_address>0x2ae</run_address>
         <size>0x5e</size>
         <input_file_ref idref="fl-3"/>
      </object_component>
      <object_component id="oc-291">
         <name>.debug_abbrev</name>
         <load_address>0x30c</load_address>
         <run_address>0x30c</run_address>
         <size>0x6c</size>
         <input_file_ref idref="fl-3"/>
      </object_component>
      <object_component id="oc-2a6">
         <name>.debug_abbrev</name>
         <load_address>0x378</load_address>
         <run_address>0x378</run_address>
         <size>0x6c</size>
         <input_file_ref idref="fl-3"/>
      </object_component>
      <object_component id="oc-29e">
         <name>.debug_abbrev</name>
         <load_address>0x3e4</load_address>
         <run_address>0x3e4</run_address>
         <size>0x6c</size>
         <input_file_ref idref="fl-3"/>
      </object_component>
      <object_component id="oc-28e">
         <name>.debug_abbrev</name>
         <load_address>0x450</load_address>
         <run_address>0x450</run_address>
         <size>0x7a</size>
         <input_file_ref idref="fl-3"/>
      </object_component>
      <object_component id="oc-297">
         <name>.debug_abbrev</name>
         <load_address>0x4ca</load_address>
         <run_address>0x4ca</run_address>
         <size>0x6e</size>
         <input_file_ref idref="fl-3"/>
      </object_component>
      <object_component id="oc-1e2">
         <name>.debug_abbrev</name>
         <load_address>0x538</load_address>
         <run_address>0x538</run_address>
         <size>0x69</size>
         <input_file_ref idref="fl-3"/>
      </object_component>
      <object_component id="oc-1ec">
         <name>.debug_abbrev</name>
         <load_address>0x5a1</load_address>
         <run_address>0x5a1</run_address>
         <size>0x6b</size>
         <input_file_ref idref="fl-3"/>
      </object_component>
      <object_component id="oc-1a1">
         <name>.debug_abbrev</name>
         <load_address>0x60c</load_address>
         <run_address>0x60c</run_address>
         <size>0x1f</size>
         <input_file_ref idref="fl-3"/>
      </object_component>
      <object_component id="oc-272">
         <name>.debug_abbrev</name>
         <load_address>0x62b</load_address>
         <run_address>0x62b</run_address>
         <size>0x35</size>
         <input_file_ref idref="fl-3"/>
      </object_component>
      <object_component id="oc-1db">
         <name>.debug_abbrev</name>
         <load_address>0x660</load_address>
         <run_address>0x660</run_address>
         <size>0x24</size>
         <input_file_ref idref="fl-3"/>
      </object_component>
      <object_component id="oc-1e7">
         <name>.debug_abbrev</name>
         <load_address>0x684</load_address>
         <run_address>0x684</run_address>
         <size>0x33</size>
         <input_file_ref idref="fl-3"/>
      </object_component>
      <object_component id="oc-1ef">
         <name>.debug_abbrev</name>
         <load_address>0x6b7</load_address>
         <run_address>0x6b7</run_address>
         <size>0xba</size>
         <input_file_ref idref="fl-5"/>
      </object_component>
      <object_component id="oc-1d7">
         <name>.debug_abbrev</name>
         <load_address>0x771</load_address>
         <run_address>0x771</run_address>
         <size>0x29</size>
         <input_file_ref idref="fl-5"/>
      </object_component>
      <object_component id="oc-196">
         <name>.debug_abbrev</name>
         <load_address>0x79a</load_address>
         <run_address>0x79a</run_address>
         <size>0x53</size>
         <input_file_ref idref="fl-5"/>
      </object_component>
      <object_component id="oc-19a">
         <name>.debug_abbrev</name>
         <load_address>0x7ed</load_address>
         <run_address>0x7ed</run_address>
         <size>0x53</size>
         <input_file_ref idref="fl-5"/>
      </object_component>
      <object_component id="oc-19e">
         <name>.debug_abbrev</name>
         <load_address>0x840</load_address>
         <run_address>0x840</run_address>
         <size>0x61</size>
         <input_file_ref idref="fl-5"/>
      </object_component>
      <object_component id="oc-28f">
         <name>.debug_abbrev</name>
         <load_address>0x8a1</load_address>
         <run_address>0x8a1</run_address>
         <size>0xe1</size>
         <input_file_ref idref="fl-6"/>
      </object_component>
      <object_component id="oc-1f1">
         <name>.debug_abbrev</name>
         <load_address>0x982</load_address>
         <run_address>0x982</run_address>
         <size>0x29</size>
         <input_file_ref idref="fl-6"/>
      </object_component>
      <object_component id="oc-230">
         <name>.debug_abbrev</name>
         <load_address>0x9ab</load_address>
         <run_address>0x9ab</run_address>
         <size>0x52</size>
         <input_file_ref idref="fl-6"/>
      </object_component>
      <object_component id="oc-275">
         <name>.debug_abbrev</name>
         <load_address>0x9fd</load_address>
         <run_address>0x9fd</run_address>
         <size>0x87</size>
         <input_file_ref idref="fl-7"/>
      </object_component>
      <object_component id="oc-1f6">
         <name>.debug_abbrev</name>
         <load_address>0xa84</load_address>
         <run_address>0xa84</run_address>
         <size>0x29</size>
         <input_file_ref idref="fl-7"/>
      </object_component>
      <object_component id="oc-2ec">
         <name>.debug_abbrev</name>
         <load_address>0xaad</load_address>
         <run_address>0xaad</run_address>
         <size>0x6c</size>
         <input_file_ref idref="fl-7"/>
      </object_component>
      <object_component id="oc-2e2">
         <name>.debug_abbrev</name>
         <load_address>0xb19</load_address>
         <run_address>0xb19</run_address>
         <size>0x6c</size>
         <input_file_ref idref="fl-7"/>
      </object_component>
      <object_component id="oc-2eb">
         <name>.debug_abbrev</name>
         <load_address>0xb85</load_address>
         <run_address>0xb85</run_address>
         <size>0x4a</size>
         <input_file_ref idref="fl-22"/>
      </object_component>
      <object_component id="oc-315">
         <name>.debug_abbrev</name>
         <load_address>0xbcf</load_address>
         <run_address>0xbcf</run_address>
         <size>0x3c</size>
         <input_file_ref idref="fl-23"/>
      </object_component>
      <object_component id="oc-177">
         <name>.debug_abbrev</name>
         <load_address>0xc0b</load_address>
         <run_address>0xc0b</run_address>
         <size>0x3a</size>
         <input_file_ref idref="fl-24"/>
      </object_component>
      <object_component id="oc-18c">
         <name>.debug_abbrev</name>
         <load_address>0xc45</load_address>
         <run_address>0xc45</run_address>
         <size>0x28</size>
         <input_file_ref idref="fl-31"/>
      </object_component>
      <object_component id="oc-2e5">
         <name>.debug_abbrev</name>
         <load_address>0xc6d</load_address>
         <run_address>0xc6d</run_address>
         <size>0x2e</size>
         <input_file_ref idref="fl-33"/>
      </object_component>
      <object_component id="oc-173">
         <name>.debug_abbrev</name>
         <load_address>0xc9b</load_address>
         <run_address>0xc9b</run_address>
         <size>0x29</size>
         <input_file_ref idref="fl-38"/>
      </object_component>
      <object_component id="oc-1bb">
         <name>.debug_abbrev</name>
         <load_address>0xcc4</load_address>
         <run_address>0xcc4</run_address>
         <size>0x58</size>
         <input_file_ref idref="fl-38"/>
      </object_component>
      <object_component id="oc-302">
         <name>.debug_abbrev</name>
         <load_address>0xd1c</load_address>
         <run_address>0xd1c</run_address>
         <size>0xdb</size>
         <input_file_ref idref="fl-39"/>
      </object_component>
      <object_component id="oc-2bf">
         <name>.debug_abbrev</name>
         <load_address>0xdf7</load_address>
         <run_address>0xdf7</run_address>
         <size>0x7e</size>
         <input_file_ref idref="fl-39"/>
      </object_component>
      <object_component id="oc-306">
         <name>.debug_abbrev</name>
         <load_address>0xe75</load_address>
         <run_address>0xe75</run_address>
         <size>0x24</size>
         <input_file_ref idref="fl-39"/>
      </object_component>
      <object_component id="oc-312">
         <name>.debug_abbrev</name>
         <load_address>0xe99</load_address>
         <run_address>0xe99</run_address>
         <size>0x24</size>
         <input_file_ref idref="fl-39"/>
      </object_component>
      <object_component id="oc-2cd">
         <name>.debug_abbrev</name>
         <load_address>0xebd</load_address>
         <run_address>0xebd</run_address>
         <size>0x24</size>
         <input_file_ref idref="fl-39"/>
      </object_component>
      <object_component id="oc-30b">
         <name>.debug_abbrev</name>
         <load_address>0xee1</load_address>
         <run_address>0xee1</run_address>
         <size>0x4b</size>
         <input_file_ref idref="fl-39"/>
      </object_component>
      <object_component id="oc-1f8">
         <name>.debug_abbrev</name>
         <load_address>0xf2c</load_address>
         <run_address>0xf2c</run_address>
         <size>0x54</size>
         <input_file_ref idref="fl-3a"/>
      </object_component>
      <object_component id="oc-1a4">
         <name>.debug_abbrev</name>
         <load_address>0xf80</load_address>
         <run_address>0xf80</run_address>
         <size>0x6f</size>
         <input_file_ref idref="fl-3a"/>
      </object_component>
      <object_component id="oc-1a7">
         <name>.debug_abbrev</name>
         <load_address>0xfef</load_address>
         <run_address>0xfef</run_address>
         <size>0x24</size>
         <input_file_ref idref="fl-3a"/>
      </object_component>
      <object_component id="oc-182">
         <name>.debug_abbrev</name>
         <load_address>0x1013</load_address>
         <run_address>0x1013</run_address>
         <size>0x24</size>
         <input_file_ref idref="fl-3a"/>
      </object_component>
      <object_component id="oc-1fa">
         <name>.debug_abbrev</name>
         <load_address>0x1037</load_address>
         <run_address>0x1037</run_address>
         <size>0x55</size>
         <input_file_ref idref="fl-3d"/>
      </object_component>
      <object_component id="oc-301">
         <name>.debug_abbrev</name>
         <load_address>0x108c</load_address>
         <run_address>0x108c</run_address>
         <size>0x53</size>
         <input_file_ref idref="fl-3e"/>
      </object_component>
      <object_component id="oc-18a">
         <name>.debug_abbrev</name>
         <load_address>0x10df</load_address>
         <run_address>0x10df</run_address>
         <size>0x37</size>
[...]
      </symbol>
      <symbol id="sm-8b">
         <name>ADC12MCTL7</name>
         <value>0x87</value>
      </symbol>
      <symbol id="sm-8c">
         <name>ADC12MCTL8</name>
         <value>0x88</value>
      </symbol>
      <symbol id="sm-8d">
         <name>ADC12MCTL9</name>
         <value>0x89</value>
      </symbol>
      <symbol id="sm-8e">
         <name>ADC12MCTL10</name>
         <value>0x8a</value>
      </symbol>
      <symbol id="sm-8f">
         <name>ADC12MCTL11</name>
         <value>0x8b</value>
      </symbol>
      <symbol id="sm-90">
         <name>ADC12MCTL12</name>
         <value>0x8c</value>
      </symbol>
      <symbol id="sm-91">
         <name>ADC12MCTL13</name>
         <value>0x8d</value>
      </symbol>
      <symbol id="sm-92">
         <name>ADC12MCTL14</name>
         <value>0x8e</value>
      </symbol>
      <symbol id="sm-93">
         <name>ADC12MCTL15</name>
         <value>0x8f</value>
      </symbol>
      <symbol id="sm-94">
         <name>DAC12_0CTL</name>
         <value>0x1c0</value>
      </symbol>
      <symbol id="sm-95">
         <name>DAC12_1CTL</name>
         <value>0x1c2</value>
      </symbol>
      <symbol id="sm-96">
         <name>DAC12_0DAT</name>
         <value>0x1c8</value>
      </symbol>
      <symbol id="sm-97">
         <name>DAC12_1DAT</name>
         <value>0x1ca</value>
      </symbol>
      <symbol id="sm-98">
         <name>DMACTL0</name>
         <value>0x122</value>
      </symbol>
      <symbol id="sm-99">
         <name>DMACTL1</name>
         <value>0x124</value>
      </symbol>
      <symbol id="sm-9a">
         <name>DMA0CTL</name>
         <value>0x1e0</value>
      </symbol>
      <symbol id="sm-9b">
         <name>DMA1CTL</name>
         <value>0x1e8</value>
      </symbol>
      <symbol id="sm-9c">
         <name>DMA2CTL</name>
         <value>0x1f0</value>
      </symbol>
      <symbol id="sm-9d">
         <name>DMA0SA</name>
         <value>0x1e2</value>
      </symbol>
      <symbol id="sm-9e">
         <name>DMA0DA</name>
         <value>0x1e4</value>
      </symbol>
      <symbol id="sm-9f">
         <name>DMA0SZ</name>
         <value>0x1e6</value>
      </symbol>
      <symbol id="sm-a0">
         <name>DMA1SA</name>
         <value>0x1ea</value>
      </symbol>
      <symbol id="sm-a1">
         <name>DMA1DA</name>
         <value>0x1ec</value>
      </symbol>
      <symbol id="sm-a2">
         <name>DMA1SZ</name>
         <value>0x1ee</value>
      </symbol>
      <symbol id="sm-a3">
         <name>DMA2SA</name>
         <value>0x1f2</value>
      </symbol>
      <symbol id="sm-a4">
         <name>DMA2DA</name>
         <value>0x1f4</value>
      </symbol>
      <symbol id="sm-a5">
         <name>DMA2SZ</name>
         <value>0x1f6</value>
      </symbol>
      <symbol id="sm-a6">
         <name>__TI_CINIT_Base</name>
         <value>0x21e6</value>
      </symbol>
      <symbol id="sm-a7">
         <name>__TI_CINIT_Limit</name>
         <value>0x21ee</value>
      </symbol>
      <symbol id="sm-a8">
         <name>__TI_Handler_Table_Base</name>
         <value>0x21dc</value>
      </symbol>
      <symbol id="sm-a9">
         <name>__TI_Handler_Table_Limit</name>
         <value>0x21e2</value>
      </symbol>
      <symbol id="sm-aa">
         <name>__STACK_SIZE</name>
         <value>0x50</value>
      </symbol>
      <symbol id="sm-ab">
         <name>__STACK_END</name>
         <value>0xa00</value>
      </symbol>
      <symbol id="sm-ac">
         <name>__c_args__</name>
         <value>0xffffffff</value>
      </symbol>
      <symbol id="sm-ad">
         <name>__TI_pprof_out_hndl</name>
         <value>0xffffffff</value>
      </symbol>
      <symbol id="sm-ae">
         <name>__TI_prof_data_start</name>
         <value>0xffffffff</value>
      </symbol>
      <symbol id="sm-af">
         <name>__TI_prof_data_size</name>
         <value>0xffffffff</value>
      </symbol>
      <symbol id="sm-e7">
         <name>init_7SegmentDisplay</name>
         <value>0x1d26</value>
         <object_component_ref idref="oc-1fb"/>
      </symbol>
      <symbol id="sm-1c1">
         <name>I2C_WriteBuf</name>
         <value>0x222</value>
      </symbol>
      <symbol id="sm-1c2">
         <name>valide_command</name>
         <value>0x22e</value>
      </symbol>
      <symbol id="sm-1c3">
         <name>timestamp</name>
         <value>0x200</value>
      </symbol>
      <symbol id="sm-1c4">
         <name>setup_Time</name>
         <value>0x16a2</value>
         <object_component_ref idref="oc-201"/>
      </symbol>
      <symbol id="sm-1c5">
         <name>timestate</name>
         <value>0x230</value>
         <object_component_ref idref="oc-27b"/>
      </symbol>
      <symbol id="sm-1c6">
         <name>update_LED_Circle</name>
         <value>0x1100</value>
         <object_component_ref idref="oc-224"/>
      </symbol>
      <symbol id="sm-1c7">
         <name>change_circle_mode</name>
         <value>0x2106</value>
         <object_component_ref idref="oc-20c"/>
      </symbol>
      <symbol id="sm-1c8">
         <name>check_Volume</name>
         <value>0x1ecc</value>
         <object_component_ref idref="oc-212"/>
      </symbol>
      <symbol id="sm-1c9">
         <name>update_time</name>
         <value>0x1c82</value>
         <object_component_ref idref="oc-218"/>
      </symbol>
      <symbol id="sm-1ca">
         <name>volumestate</name>
         <value>0x231</value>
         <object_component_ref idref="oc-27b"/>
      </symbol>
      <symbol id="sm-1cb">
         <name>clock_val</name>
         <value>0x2112</value>
         <object_component_ref idref="oc-281"/>
      </symbol>
      <symbol id="sm-1cc">
         <name>show_time_on_7SegmentDisplay</name>
         <value>0x18d6</value>
         <object_component_ref idref="oc-21e"/>
      </symbol>
      <symbol id="sm-1cd">
         <name>show_volume_on_7SegmentDisplay</name>
         <value>0x1b70</value>
         <object_component_ref idref="oc-22a"/>
      </symbol>
      <symbol id="sm-1ce">
         <name>adr_val</name>
         <value>0x218a</value>
         <object_component_ref idref="oc-27e"/>
      </symbol>
      <symbol id="sm-1fa">
         <name>Uart1_Rx_Buffer</name>
         <value>0x212</value>
      </symbol>
      <symbol id="sm-1fb">
         <name>I2C_WriteCounter</name>
         <value>0x249</value>
         <object_component_ref idref="oc-18d"/>
      </symbol>
      <symbol id="sm-1fc">
         <name>__TI_int08</name>
         <value>0xfff0</value>
         <object_component_ref idref="oc-47"/>
      </symbol>
      <symbol id="sm-1fd">
         <name>__TI_int05</name>
         <value>0xffea</value>
         <object_component_ref idref="oc-44"/>
      </symbol>
      <symbol id="sm-1fe">
         <name>__TI_int03</name>
         <value>0xffe6</value>
         <object_component_ref idref="oc-42"/>
      </symbol>
      <symbol id="sm-1ff">
         <name>Uart1_RX_Cnt</name>
         <value>0x248</value>
         <object_component_ref idref="oc-18d"/>
      </symbol>
      <symbol id="sm-200">
         <name>Timer_A</name>
         <value>0x20ea</value>
         <object_component_ref idref="oc-12b"/>
      </symbol>
      <symbol id="sm-201">
         <name>Usart1_Rx</name>
         <value>0x1e86</value>
         <object_component_ref idref="oc-125"/>
      </symbol>
      <symbol id="sm-202">
         <name>I2C_ISR</name>
         <value>0x1f52</value>
         <object_component_ref idref="oc-131"/>
      </symbol>
      <symbol id="sm-21e">
         <name>old_hour</name>
         <value>0x22d</value>
      </symbol>
      <symbol id="sm-21f">
         <name>last_minute</name>
         <value>0x22c</value>
      </symbol>
      <symbol id="sm-220">
         <name>volume_TimeOut</name>
         <value>0x244</value>
         <object_component_ref idref="oc-197"/>
      </symbol>
      <symbol id="sm-221">
         <name>update_cycle</name>
         <value>0x243</value>
         <object_component_ref idref="oc-197"/>
      </symbol>
      <symbol id="sm-222">
         <name>main</name>
         <value>0x1a36</value>
         <object_component_ref idref="oc-1b2"/>
      </symbol>
      <symbol id="sm-223">
         <name>volume</name>
         <value>0x242</value>
         <object_component_ref idref="oc-197"/>
      </symbol>
      <symbol id="sm-23d">
         <name>I2C_WriteBuffer</name>
         <value>0x226</value>
      </symbol>
      <symbol id="sm-23e">
         <name>I2C_WriteBufptr</name>
         <value>0x24c</value>
         <object_component_ref idref="oc-19b"/>
      </symbol>
      <symbol id="sm-23f">
         <name>write_i2c</name>
         <value>0x1f92</value>
         <object_component_ref idref="oc-285"/>
      </symbol>
      <symbol id="sm-240">
         <name>write_i2c2</name>
         <value>0x1fd0</value>
         <object_component_ref idref="oc-29f"/>
      </symbol>
      <symbol id="sm-24c">
         <name>__mspabi_remi</name>
         <value>0x2004</value>
         <object_component_ref idref="oc-299"/>
      </symbol>
      <symbol id="sm-24d">
         <name>__mspabi_divi</name>
         <value>0x2004</value>
         <object_component_ref idref="oc-299"/>
      </symbol>
      <symbol id="sm-257">
         <name>__mspabi_remu</name>
         <value>0x2078</value>
         <object_component_ref idref="oc-2e6"/>
      </symbol>
      <symbol id="sm-258">
         <name>__mspabi_divu</name>
         <value>0x2078</value>
         <object_component_ref idref="oc-2e6"/>
      </symbol>
      <symbol id="sm-261">
         <name>__mspabi_func_epilog_2</name>
         <value>0x20e4</value>
         <object_component_ref idref="oc-103"/>
      </symbol>
      <symbol id="sm-262">
         <name>__mspabi_func_epilog_3</name>
         <value>0x20e2</value>
         <object_component_ref idref="oc-103"/>
      </symbol>
      <symbol id="sm-263">
         <name>__mspabi_func_epilog_1</name>
         <value>0x20e6</value>
         <object_component_ref idref="oc-103"/>
      </symbol>
      <symbol id="sm-264">
         <name>__mspabi_func_epilog_6</name>
         <value>0x20dc</value>
         <object_component_ref idref="oc-103"/>
      </symbol>
      <symbol id="sm-265">
         <name>__mspabi_func_epilog_7</name>
         <value>0x20da</value>
         <object_component_ref idref="oc-103"/>
      </symbol>
      <symbol id="sm-266">
         <name>__mspabi_func_epilog_4</name>
         <value>0x20e0</value>
         <object_component_ref idref="oc-103"/>
      </symbol>
      <symbol id="sm-267">
         <name>__mspabi_func_epilog_5</name>
         <value>0x20de</value>
         <object_component_ref idref="oc-103"/>
      </symbol>
      <symbol id="sm-26a">
         <name>__TI_int00</name>
         <value>0xffe0</value>
         <object_component_ref idref="oc-3f"/>
      </symbol>
      <symbol id="sm-26d">
         <name>__TI_int01</name>
         <value>0xffe2</value>
         <object_component_ref idref="oc-40"/>
      </symbol>
      <symbol id="sm-270">
         <name>__TI_int02</name>
         <value>0xffe4</value>
         <object_component_ref idref="oc-41"/>
      </symbol>
      <symbol id="sm-273">
         <name>__TI_int04</name>
         <value>0xffe8</value>
         <object_component_ref idref="oc-43"/>
      </symbol>
      <symbol id="sm-276">
         <name>__TI_int06</name>
         <value>0xffec</value>
         <object_component_ref idref="oc-45"/>
      </symbol>
      <symbol id="sm-279">
         <name>__TI_int07</name>
         <value>0xffee</value>
         <object_component_ref idref="oc-46"/>
      </symbol>
      <symbol id="sm-27c">
         <name>__TI_int09</name>
         <value>0xfff2</value>
         <object_component_ref idref="oc-48"/>
      </symbol>
      <symbol id="sm-27f">
         <name>__TI_int10</name>
         <value>0xfff4</value>
         <object_component_ref idref="oc-49"/>
      </symbol>
      <symbol id="sm-282">
         <name>__TI_int11</name>
         <value>0xfff6</value>
         <object_component_ref idref="oc-4a"/>
      </symbol>
      <symbol id="sm-285">
         <name>__TI_int12</name>
         <value>0xfff8</value>
         <object_component_ref idref="oc-4b"/>
      </symbol>
      <symbol id="sm-288">
         <name>__TI_int13</name>
         <value>0xfffa</value>
         <object_component_ref idref="oc-4c"/>
      </symbol>
      <symbol id="sm-28b">
         <name>__TI_int14</name>
         <value>0xfffc</value>
         <object_component_ref idref="oc-4d"/>
      </symbol>
      <symbol id="sm-293">
         <name>__TI_ISR_TRAP</name>
         <value>0x20f8</value>
         <object_component_ref idref="oc-120"/>
      </symbol>
      <symbol id="sm-29c">
         <name>__mspabi_mpyi_hw</name>
         <value>0x20a2</value>
         <object_component_ref idref="oc-292"/>
      </symbol>
      <symbol id="sm-2b0">
         <name>_stack</name>
         <value>0x9b0</value>
         <object_component_ref idref="oc-f5"/>
      </symbol>
      <symbol id="sm-2b1">
         <name>_c_int00_noargs</name>
         <value>0x205c</value>
         <object_component_ref idref="oc-149"/>
      </symbol>
      <symbol id="sm-2b2">
         <name>_reset_vector</name>
         <value>0xfffe</value>
         <object_component_ref idref="oc-f8"/>
      </symbol>
      <symbol id="sm-2d4">
         <name>__TI_auto_init_nobinit_nopinit</name>
         <value>0x1f10</value>
         <object_component_ref idref="oc-23d"/>
      </symbol>
      <symbol id="sm-2ec">
         <name>__TI_zero_init_nomemset</name>
         <value>0x208e</value>
         <object_component_ref idref="oc-137"/>
      </symbol>
      <symbol id="sm-2f7">
         <name>_system_pre_init</name>
         <value>0x210c</value>
         <object_component_ref idref="oc-1ac"/>
      </symbol>
      <symbol id="sm-300">
         <name>_system_post_cinit</name>
         <value>0x2110</value>
         <object_component_ref idref="oc-2b9"/>
      </symbol>
      <symbol id="sm-316">
         <name>__TI_decompress_none</name>
         <value>0x20b6</value>
         <object_component_ref idref="oc-39"/>
      </symbol>
      <symbol id="sm-339">
         <name>__TI_decompress_lzss</name>
         <value>0x1dbe</value>
         <object_component_ref idref="oc-33"/>
      </symbol>
      <symbol id="sm-343">
         <name>C$$EXIT</name>
         <value>0x2100</value>
         <object_component_ref idref="oc-231"/>
      </symbol>
      <symbol id="sm-344">
         <name>abort</name>
         <value>0x2100</value>
         <object_component_ref idref="oc-231"/>
      </symbol>
      <symbol id="sm-354">
         <name>memcpy</name>
         <value>0x20c8</value>
         <object_component_ref idref="oc-113"/>
      </symbol>
      <symbol id="sm-35c">
         <name>__mspabi_slli</name>
         <value>0x2030</value>
         <object_component_ref idref="oc-f9"/>
      </symbol>
      <symbol id="sm-35d">
         <name>__mspabi_slli_9</name>
         <value>0x2048</value>
         <object_component_ref idref="oc-f9"/>
      </symbol>
      <symbol id="sm-35e">
         <name>__mspabi_slli_8</name>
         <value>0x204a</value>
         <object_component_ref idref="oc-f9"/>
      </symbol>
      <symbol id="sm-35f">
         <name>__mspabi_slli_7</name>
         <value>0x204c</value>
         <object_component_ref idref="oc-f9"/>
      </symbol>
      <symbol id="sm-360">
         <name>__mspabi_slli_6</name>
         <value>0x204e</value>
         <object_component_ref idref="oc-f9"/>
      </symbol>
      <symbol id="sm-361">
         <name>__mspabi_slli_5</name>
         <value>0x2050</value>
         <object_component_ref idref="oc-f9"/>
      </symbol>
      <symbol id="sm-362">
         <name>__mspabi_slli_4</name>
         <value>0x2052</value>
         <object_component_ref idref="oc-f9"/>
      </symbol>
      <symbol id="sm-363">
         <name>__mspabi_slli_3</name>
         <value>0x2054</value>
         <object_component_ref idref="oc-f9"/>
      </symbol>
      <symbol id="sm-364">
         <name>__mspabi_slli_2</name>
         <value>0x2056</value>
         <object_component_ref idref="oc-f9"/>
      </symbol>
      <symbol id="sm-365">
         <name>__mspabi_slli_1</name>
         <value>0x2058</value>
         <object_component_ref idref="oc-f9"/>
      </symbol>
      <symbol id="sm-366">
         <name>__mspabi_slli_15</name>
         <value>0x203c</value>
         <object_component_ref idref="oc-f9"/>
      </symbol>
      <symbol id="sm-367">
         <name>__mspabi_slli_14</name>
         <value>0x203e</value>
         <object_component_ref idref="oc-f9"/>
      </symbol>
      <symbol id="sm-368">
         <name>__mspabi_slli_13</name>
         <value>0x2040</value>
         <object_component_ref idref="oc-f9"/>
      </symbol>
      <symbol id="sm-369">
         <name>__mspabi_slli_12</name>
         <value>0x2042</value>
         <object_component_ref idref="oc-f9"/>
      </symbol>
      <symbol id="sm-36a">
         <name>__mspabi_slli_11</name>
         <value>0x2044</value>
         <object_component_ref idref="oc-f9"/>
      </symbol>
      <symbol id="sm-36b">
         <name>__mspabi_slli_10</name>
         <value>0x2046</value>
         <object_component_ref idref="oc-f9"/>
      </symbol>
      <symbol id="sm-373">
         <name>__mspabi_srli_8</name>
         <value>0x1e64</value>
         <object_component_ref idref="oc-fe"/>
      </symbol>
      <symbol id="sm-374">
         <name>__mspabi_srli_9</name>
         <value>0x1e60</value>
         <object_component_ref idref="oc-fe"/>
      </symbol>
      <symbol id="sm-375">
         <name>__mspabi_srli_6</name>
         <value>0x1e6c</value>
         <object_component_ref idref="oc-fe"/>
      </symbol>
      <symbol id="sm-376">
         <name>__mspabi_srli_7</name>
         <value>0x1e68</value>
         <object_component_ref idref="oc-fe"/>
      </symbol>
      <symbol id="sm-377">
         <name>__mspabi_srli_4</name>
         <value>0x1e74</value>
         <object_component_ref idref="oc-fe"/>
      </symbol>
      <symbol id="sm-378">
         <name>__mspabi_srli_5</name>
         <value>0x1e70</value>
         <object_component_ref idref="oc-fe"/>
      </symbol>
      <symbol id="sm-379">
         <name>__mspabi_srli_2</name>
         <value>0x1e7c</value>
         <object_component_ref idref="oc-fe"/>
      </symbol>
      <symbol id="sm-37a">
         <name>__mspabi_srli_3</name>
         <value>0x1e78</value>
         <object_component_ref idref="oc-fe"/>
      </symbol>
      <symbol id="sm-37b">
         <name>__mspabi_srli_1</name>
         <value>0x1e80</value>
         <object_component_ref idref="oc-fe"/>
      </symbol>
      <symbol id="sm-37c">
         <name>__mspabi_srli</name>
         <value>0x1e3a</value>
         <object_component_ref idref="oc-fe"/>
      </symbol>
      <symbol id="sm-37d">
         <name>__mspabi_srli_15</name>
         <value>0x1e48</value>
         <object_component_ref idref="oc-fe"/>
      </symbol>
      <symbol id="sm-37e">
         <name>__mspabi_srli_14</name>
         <value>0x1e4c</value>
         <object_component_ref idref="oc-fe"/>
      </symbol>
      <symbol id="sm-37f">
         <name>__mspabi_srli_13</name>
         <value>0x1e50</value>
         <object_component_ref idref="oc-fe"/>
      </symbol>
      <symbol id="sm-380">
         <name>__mspabi_srli_12</name>
         <value>0x1e54</value>
         <object_component_ref idref="oc-fe"/>
      </symbol>
      <symbol id="sm-381">
         <name>__mspabi_srli_11</name>
         <value>0x1e58</value>
         <object_component_ref idref="oc-fe"/>
      </symbol>
      <symbol id="sm-382">
         <name>__mspabi_srli_10</name>
         <value>0x1e5c</value>
         <object_component_ref idref="oc-fe"/>
      </symbol>
   </symbol_table>
   <title>Link successful</title>
</link_info>
